\BOOKMARK [0][-]{chapter*.1}{\376\377\000A\000b\000s\000t\000r\000a\000c\000t}{}% 1
\BOOKMARK [0][-]{chapter*.2}{\376\377\000A\000c\000k\000n\000o\000w\000l\000e\000d\000g\000e\000m\000e\000n\000t}{}% 2
\BOOKMARK [0][-]{chapter*.3}{\376\377\000L\000i\000s\000t\000\040\000o\000f\000\040\000F\000i\000g\000u\000r\000e\000s}{}% 3
\BOOKMARK [0][-]{chapter*.4}{\376\377\000L\000i\000s\000t\000\040\000o\000f\000\040\000T\000a\000b\000l\000e\000s}{}% 4
\BOOKMARK [0][-]{chapter*.5}{\376\377\000T\000a\000b\000l\000e\000\040\000o\000f\000\040\000C\000o\000n\000t\000e\000n\000t\000s}{}% 5
\BOOKMARK [0][-]{chapter.1}{\376\377\000I\000n\000t\000r\000o\000d\000u\000c\000t\000i\000o\000n}{}% 6
\BOOKMARK [1][-]{section.1.1}{\376\377\000I\000n\000t\000r\000o\000d\000u\000c\000t\000i\000o\000n\000\040\000t\000o\000\040\000P\000r\000o\000j\000e\000c\000t}{chapter.1}% 7
\BOOKMARK [1][-]{section.1.2}{\376\377\000P\000r\000o\000j\000e\000c\000t\000\040\000C\000a\000t\000e\000g\000o\000r\000y}{chapter.1}% 8
\BOOKMARK [1][-]{section.1.3}{\376\377\000P\000r\000o\000b\000l\000e\000m\000\040\000F\000o\000r\000m\000u\000l\000a\000t\000i\000o\000n}{chapter.1}% 9
\BOOKMARK [1][-]{section.1.4}{\376\377\000I\000d\000e\000n\000t\000i\000f\000i\000c\000a\000t\000i\000o\000n\000/\000R\000e\000c\000o\000g\000n\000i\000t\000i\000o\000n\000\040\000o\000f\000\040\000N\000e\000e\000d}{chapter.1}% 10
\BOOKMARK [1][-]{section.1.5}{\376\377\000E\000x\000i\000s\000t\000i\000n\000g\000\040\000S\000y\000s\000t\000e\000m}{chapter.1}% 11
\BOOKMARK [1][-]{section.1.6}{\376\377\000O\000b\000j\000e\000c\000t\000i\000v\000e\000s}{chapter.1}% 12
\BOOKMARK [1][-]{section.1.7}{\376\377\000P\000r\000o\000p\000o\000s\000e\000d\000\040\000S\000y\000s\000t\000e\000m}{chapter.1}% 13
\BOOKMARK [1][-]{section.1.8}{\376\377\000U\000n\000i\000q\000u\000e\000\040\000F\000e\000a\000t\000u\000r\000e\000s\000\040\000o\000f\000\040\000t\000h\000e\000\040\000P\000r\000o\000p\000o\000s\000e\000d\000\040\000S\000y\000s\000t\000e\000m}{chapter.1}% 14
\BOOKMARK [0][-]{chapter.2}{\376\377\000R\000e\000q\000u\000i\000r\000e\000m\000e\000n\000t\000\040\000A\000n\000a\000l\000y\000s\000i\000s\000\040\000a\000n\000d\000\040\000S\000y\000s\000t\000e\000m\000\040\000S\000p\000e\000c\000i\000f\000i\000c\000a\000t\000i\000o\000n}{}% 15
\BOOKMARK [1][-]{section.2.1}{\376\377\000F\000e\000a\000s\000i\000b\000i\000l\000i\000t\000y\000\040\000S\000t\000u\000d\000y}{chapter.2}% 16
\BOOKMARK [2][-]{subsection.2.1.1}{\376\377\000T\000e\000c\000h\000n\000i\000c\000a\000l\000\040\000F\000e\000a\000s\000i\000b\000i\000l\000i\000t\000y}{section.2.1}% 17
\BOOKMARK [2][-]{subsection.2.1.2}{\376\377\000E\000c\000o\000n\000o\000m\000i\000c\000a\000l\000\040\000F\000e\000a\000s\000i\000b\000i\000l\000i\000t\000y}{section.2.1}% 18
\BOOKMARK [2][-]{subsection.2.1.3}{\376\377\000O\000p\000e\000r\000a\000t\000i\000o\000n\000a\000l\000\040\000F\000e\000a\000s\000i\000b\000i\000l\000i\000t\000y}{section.2.1}% 19
\BOOKMARK [1][-]{section.2.2}{\376\377\000S\000o\000f\000t\000w\000a\000r\000e\000\040\000R\000e\000q\000u\000i\000r\000e\000m\000e\000n\000t\000\040\000S\000p\000e\000c\000i\000f\000i\000c\000a\000t\000i\000o\000n}{chapter.2}% 20
\BOOKMARK [2][-]{subsection.2.2.1}{\376\377\000D\000a\000t\000a\000\040\000R\000e\000q\000u\000i\000r\000e\000m\000e\000n\000t\000s}{section.2.2}% 21
\BOOKMARK [2][-]{subsection.2.2.2}{\376\377\000F\000u\000n\000c\000t\000i\000o\000n\000a\000l\000\040\000R\000e\000q\000u\000i\000r\000e\000m\000e\000n\000t\000s}{section.2.2}% 22
\BOOKMARK [2][-]{subsection.2.2.3}{\376\377\000P\000e\000r\000f\000o\000r\000m\000a\000n\000c\000e\000\040\000R\000e\000q\000u\000i\000r\000e\000m\000e\000n\000t\000s}{section.2.2}% 23
\BOOKMARK [2][-]{subsection.2.2.4}{\376\377\000D\000e\000p\000e\000n\000d\000a\000b\000i\000l\000i\000t\000y\000\040\000R\000e\000q\000u\000i\000r\000e\000m\000e\000n\000t\000s}{section.2.2}% 24
\BOOKMARK [2][-]{subsection.2.2.5}{\376\377\000M\000a\000i\000n\000t\000a\000i\000n\000a\000b\000i\000l\000i\000t\000y\000\040\000R\000e\000q\000u\000i\000r\000e\000m\000e\000n\000t\000s}{section.2.2}% 25
\BOOKMARK [2][-]{subsection.2.2.6}{\376\377\000S\000e\000c\000u\000r\000i\000t\000y\000\040\000R\000e\000q\000u\000i\000r\000e\000m\000e\000n\000t\000s}{section.2.2}% 26
\BOOKMARK [2][-]{subsection.2.2.7}{\376\377\000L\000o\000o\000k\000\040\000a\000n\000d\000\040\000F\000e\000e\000l\000\040\000R\000e\000q\000u\000i\000r\000e\000m\000e\000n\000t\000s}{section.2.2}% 27
\BOOKMARK [1][-]{section.2.3}{\376\377\000S\000D\000L\000C\000\040\000M\000o\000d\000e\000l\000\040\000t\000o\000\040\000b\000e\000\040\000U\000s\000e\000d}{chapter.2}% 28
\BOOKMARK [0][-]{chapter.3}{\376\377\000S\000y\000s\000t\000e\000m\000\040\000D\000e\000s\000i\000g\000n}{}% 29
\BOOKMARK [1][-]{section.3.1}{\376\377\000D\000e\000s\000i\000g\000n\000\040\000A\000p\000p\000r\000o\000a\000c\000h}{chapter.3}% 30
\BOOKMARK [1][-]{section.3.2}{\376\377\000D\000e\000t\000a\000i\000l\000e\000d\000\040\000D\000e\000s\000i\000g\000n}{chapter.3}% 31
\BOOKMARK [2][-]{subsection.3.2.1}{\376\377\000S\000y\000s\000t\000e\000m\000\040\000A\000r\000c\000h\000i\000t\000e\000c\000t\000u\000r\000e\000\040\000O\000v\000e\000r\000v\000i\000e\000w}{section.3.2}% 32
\BOOKMARK [2][-]{subsection.3.2.2}{\376\377\000P\000r\000o\000m\000p\000t\000\040\000R\000o\000u\000t\000i\000n\000g\000\040\000P\000i\000p\000e\000l\000i\000n\000e}{section.3.2}% 33
\BOOKMARK [2][-]{subsection.3.2.3}{\376\377\000P\000r\000o\000v\000i\000d\000e\000r\000\040\000A\000d\000a\000p\000t\000e\000r\000\040\000A\000r\000c\000h\000i\000t\000e\000c\000t\000u\000r\000e}{section.3.2}% 34
\BOOKMARK [2][-]{subsection.3.2.4}{\376\377\000D\000i\000s\000p\000a\000t\000c\000h\000\040\000a\000n\000d\000\040\000F\000a\000l\000l\000b\000a\000c\000k\000\040\000M\000e\000c\000h\000a\000n\000i\000s\000m}{section.3.2}% 35
\BOOKMARK [2][-]{subsection.3.2.5}{\376\377\000D\000a\000t\000a\000b\000a\000s\000e\000\040\000S\000c\000h\000e\000m\000a\000\040\000D\000e\000s\000i\000g\000n}{section.3.2}% 36
\BOOKMARK [2][-]{subsection.3.2.6}{\376\377\000A\000P\000I\000\040\000R\000o\000u\000t\000e\000\040\000D\000e\000s\000i\000g\000n}{section.3.2}% 37
\BOOKMARK [2][-]{subsection.3.2.7}{\376\377\000A\000u\000t\000h\000e\000n\000t\000i\000c\000a\000t\000i\000o\000n\000\040\000a\000n\000d\000\040\000A\000u\000t\000h\000o\000r\000i\000s\000a\000t\000i\000o\000n\000\040\000F\000l\000o\000w}{section.3.2}% 38
\BOOKMARK [2][-]{subsection.3.2.8}{\376\377\000F\000r\000o\000n\000t\000e\000n\000d\000\040\000C\000o\000m\000p\000o\000n\000e\000n\000t\000\040\000A\000r\000c\000h\000i\000t\000e\000c\000t\000u\000r\000e}{section.3.2}% 39
\BOOKMARK [2][-]{subsection.3.2.9}{\376\377\000R\000a\000t\000e\000\040\000L\000i\000m\000i\000t\000i\000n\000g\000\040\000D\000e\000s\000i\000g\000n}{section.3.2}% 40
\BOOKMARK [0][-]{chapter.4}{\376\377\000I\000m\000p\000l\000e\000m\000e\000n\000t\000a\000t\000i\000o\000n\000\040\000a\000n\000d\000\040\000T\000e\000s\000t\000i\000n\000g}{}% 41
\BOOKMARK [1][-]{section.4.1}{\376\377\000I\000n\000t\000r\000o\000d\000u\000c\000t\000i\000o\000n\000\040\000t\000o\000\040\000L\000a\000n\000g\000u\000a\000g\000e\000s\000,\000\040\000I\000D\000E\000s\000,\000\040\000T\000o\000o\000l\000s\000\040\000a\000n\000d\000\040\000T\000e\000c\000h\000n\000o\000l\000o\000g\000i\000e\000s}{chapter.4}% 42
\BOOKMARK [1][-]{section.4.2}{\376\377\000A\000l\000g\000o\000r\000i\000t\000h\000m\000/\000P\000s\000e\000u\000d\000o\000c\000o\000d\000e\000\040\000U\000s\000e\000d}{chapter.4}% 43
\BOOKMARK [2][-]{subsection.4.2.1}{\376\377\000F\000e\000a\000t\000u\000r\000e\000\040\000E\000x\000t\000r\000a\000c\000t\000i\000o\000n\000\040\000A\000l\000g\000o\000r\000i\000t\000h\000m}{section.4.2}% 44
\BOOKMARK [2][-]{subsection.4.2.2}{\376\377\000M\000L\000\040\000R\000o\000u\000t\000i\000n\000g\000\040\000A\000l\000g\000o\000r\000i\000t\000h\000m}{section.4.2}% 45
\BOOKMARK [2][-]{subsection.4.2.3}{\376\377\000C\000a\000s\000c\000a\000d\000i\000n\000g\000\040\000F\000a\000l\000l\000b\000a\000c\000k\000\040\000A\000l\000g\000o\000r\000i\000t\000h\000m}{section.4.2}% 46
\BOOKMARK [2][-]{subsection.4.2.4}{\376\377\000A\000n\000a\000l\000y\000t\000i\000c\000s\000\040\000A\000g\000g\000r\000e\000g\000a\000t\000i\000o\000n\000\040\000A\000l\000g\000o\000r\000i\000t\000h\000m}{section.4.2}% 47
\BOOKMARK [1][-]{section.4.3}{\376\377\000T\000e\000s\000t\000i\000n\000g\000\040\000T\000e\000c\000h\000n\000i\000q\000u\000e\000s}{chapter.4}% 48
\BOOKMARK [2][-]{subsection.4.3.1}{\376\377\000T\000e\000s\000t\000i\000n\000g\000\040\000S\000t\000r\000a\000t\000e\000g\000y}{section.4.3}% 49
\BOOKMARK [2][-]{subsection.4.3.2}{\376\377\000T\000e\000s\000t\000s\000\040\000C\000o\000n\000f\000i\000g\000u\000r\000a\000t\000i\000o\000n}{section.4.3}% 50
\BOOKMARK [1][-]{section.4.4}{\376\377\000T\000e\000s\000t\000\040\000C\000a\000s\000e\000s\000\040\000D\000e\000s\000i\000g\000n\000e\000d}{chapter.4}% 51
\BOOKMARK [0][-]{chapter.5}{\376\377\000R\000e\000s\000u\000l\000t\000s\000\040\000a\000n\000d\000\040\000D\000i\000s\000c\000u\000s\000s\000i\000o\000n\000s}{}% 52
\BOOKMARK [1][-]{section.5.1}{\376\377\000U\000s\000e\000r\000\040\000I\000n\000t\000e\000r\000f\000a\000c\000e\000\040\000R\000e\000p\000r\000e\000s\000e\000n\000t\000a\000t\000i\000o\000n}{chapter.5}% 53
\BOOKMARK [2][-]{subsection.5.1.1}{\376\377\000B\000r\000i\000e\000f\000\040\000D\000e\000s\000c\000r\000i\000p\000t\000i\000o\000n\000\040\000o\000f\000\040\000V\000a\000r\000i\000o\000u\000s\000\040\000M\000o\000d\000u\000l\000e\000s\000\040\000o\000f\000\040\000t\000h\000e\000\040\000S\000y\000s\000t\000e\000m}{section.5.1}% 54
\BOOKMARK [1][-]{section.5.2}{\376\377\000S\000n\000a\000p\000s\000h\000o\000t\000s\000\040\000o\000f\000\040\000t\000h\000e\000\040\000S\000y\000s\000t\000e\000m}{chapter.5}% 55
\BOOKMARK [1][-]{section.5.3}{\376\377\000B\000a\000c\000k\000e\000n\000d\000\040\000R\000e\000p\000r\000e\000s\000e\000n\000t\000a\000t\000i\000o\000n}{chapter.5}% 56
\BOOKMARK [2][-]{subsection.5.3.1}{\376\377\000D\000a\000t\000a\000b\000a\000s\000e\000\040\000T\000a\000b\000l\000e\000s}{section.5.3}% 57
\BOOKMARK [2][-]{subsection.5.3.2}{\376\377\000C\000o\000s\000t\000\040\000S\000a\000v\000i\000n\000g\000s\000\040\000A\000n\000a\000l\000y\000s\000i\000s}{section.5.3}% 58
\BOOKMARK [0][-]{chapter.6}{\376\377\000C\000o\000n\000c\000l\000u\000s\000i\000o\000n\000\040\000a\000n\000d\000\040\000F\000u\000t\000u\000r\000e\000\040\000S\000c\000o\000p\000e}{}% 59
\BOOKMARK [1][-]{section.6.1}{\376\377\000C\000o\000n\000c\000l\000u\000s\000i\000o\000n}{chapter.6}% 60
\BOOKMARK [1][-]{section.6.2}{\376\377\000F\000u\000t\000u\000r\000e\000\040\000S\000c\000o\000p\000e}{chapter.6}% 61
\BOOKMARK [0][-]{chapter*.28}{\376\377\000R\000e\000f\000e\000r\000e\000n\000c\000e\000s\000/\000B\000i\000b\000l\000i\000o\000g\000r\000a\000p\000h\000y}{}% 62
